// Jest Snapshot v1, https://goo.gl/fbAQLP

exports[`render correctly search item component 1`] = `<SearchItem />`;
